Startpoint: _31195_ (rising edge-triggered flip-flop clocked by clk)
Endpoint: _31195_ (rising edge-triggered flip-flop clocked by clk)
Path Group: clk
Path Type: min

Fanout     Cap    Slew   Delay    Time   Description
-----------------------------------------------------------------------------
                  0.00    0.00    0.00   clock clk (rise edge)
                          0.00    0.00   clock network delay (ideal)
                  0.00    0.00    0.00 ^ _31195_/CLK (sky130_fd_sc_hd__dfxtp_1)
                  0.04    0.18    0.18 ^ _31195_/Q (sky130_fd_sc_hd__dfxtp_1)
     2    0.00                           cpuregs[0][0] (net)
                  0.04    0.00    0.18 ^ _18491_/A (sky130_fd_sc_hd__clkbuf_1)
                  0.02    0.05    0.23 ^ _18491_/X (sky130_fd_sc_hd__clkbuf_1)
     1    0.00                           _02835_ (net)
                  0.02    0.00    0.23 ^ _31195_/D (sky130_fd_sc_hd__dfxtp_1)
                                  0.23   data arrival time

                  0.00    0.00    0.00   clock clk (rise edge)
                          0.00    0.00   clock network delay (ideal)
                          0.00    0.00   clock reconvergence pessimism
                                  0.00 ^ _31195_/CLK (sky130_fd_sc_hd__dfxtp_1)
                         -0.02   -0.02   library hold time
                                 -0.02   data required time
-----------------------------------------------------------------------------
                                 -0.02   data required time
                                 -0.23   data arrival time
-----------------------------------------------------------------------------
                                  0.25   slack (MET)


Startpoint: _32422_ (rising edge-triggered flip-flop clocked by clk)
Endpoint: _32349_ (rising edge-triggered flip-flop clocked by clk)
Path Group: clk
Path Type: max

Fanout     Cap    Slew   Delay    Time   Description
-----------------------------------------------------------------------------
                  0.00    0.00    0.00   clock clk (rise edge)
                          0.00    0.00   clock network delay (ideal)
                  0.00    0.00    0.00 ^ _32422_/CLK (sky130_fd_sc_hd__dfxtp_4)
                  0.50    0.99    0.99 ^ _32422_/Q (sky130_fd_sc_hd__dfxtp_4)
    33    0.11                           latched_stalu (net)
                  0.50    0.00    0.99 ^ _30323_/S (sky130_fd_sc_hd__mux2_1)
                  0.13    0.85    1.84 v _30323_/X (sky130_fd_sc_hd__mux2_1)
     2    0.00                           _00293_ (net)
                  0.13    0.00    1.84 v _30322_/A1 (sky130_fd_sc_hd__mux2_1)
                  0.10    0.65    2.49 v _30322_/X (sky130_fd_sc_hd__mux2_1)
     1    0.00                           _00294_ (net)
                  0.10    0.00    2.49 v _19592_/B (sky130_fd_sc_hd__and2_1)
                  0.06    0.31    2.80 v _19592_/X (sky130_fd_sc_hd__and2_1)
     1    0.00                           _00295_ (net)
                  0.06    0.00    2.80 v _29613_/A0 (sky130_fd_sc_hd__mux2_2)
                  0.13    0.58    3.38 v _29613_/X (sky130_fd_sc_hd__mux2_2)
     4    0.01                           _02560_ (net)
                  0.13    0.00    3.38 v _19974_/A (sky130_fd_sc_hd__xnor2_1)
                  0.14    0.27    3.66 v _19974_/Y (sky130_fd_sc_hd__xnor2_1)
     2    0.01                           _15017_ (net)
                  0.14    0.00    3.66 v _19979_/A_N (sky130_fd_sc_hd__nand3b_2)
                  0.14    0.46    4.12 v _19979_/Y (sky130_fd_sc_hd__nand3b_2)
     2    0.00                           _15019_ (net)
                  0.14    0.00    4.12 v _19986_/B2 (sky130_fd_sc_hd__a2bb2oi_1)
                  0.18    0.23    4.35 ^ _19986_/Y (sky130_fd_sc_hd__a2bb2oi_1)
     1    0.00                           _15024_ (net)
                  0.18    0.00    4.35 ^ _19987_/B1 (sky130_fd_sc_hd__a21o_1)
                  0.11    0.22    4.57 ^ _19987_/X (sky130_fd_sc_hd__a21o_1)
     2    0.01                           _15025_ (net)
                  0.11    0.00    4.57 ^ _19993_/B1 (sky130_fd_sc_hd__o21ai_1)
                  0.08    0.13    4.70 v _19993_/Y (sky130_fd_sc_hd__o21ai_1)
     1    0.00                           _15029_ (net)
                  0.08    0.00    4.70 v _19994_/B1 (sky130_fd_sc_hd__o21ai_1)
                  0.28    0.18    4.88 ^ _19994_/Y (sky130_fd_sc_hd__o21ai_1)
     2    0.01                           _15030_ (net)
                  0.28    0.00    4.88 ^ _20001_/B1 (sky130_fd_sc_hd__o21ai_1)
                  0.10    0.19    5.07 v _20001_/Y (sky130_fd_sc_hd__o21ai_1)
     1    0.00                           _15035_ (net)
                  0.10    0.00    5.07 v _20002_/B1 (sky130_fd_sc_hd__o21ai_1)
                  0.29    0.20    5.27 ^ _20002_/Y (sky130_fd_sc_hd__o21ai_1)
     2    0.01                           _15036_ (net)
                  0.29    0.00    5.27 ^ _20009_/A1 (sky130_fd_sc_hd__a21o_1)
                  0.11    0.32    5.59 ^ _20009_/X (sky130_fd_sc_hd__a21o_1)
     2    0.01                           _15041_ (net)
                  0.11    0.00    5.59 ^ _20016_/B1 (sky130_fd_sc_hd__o21ai_1)
                  0.08    0.13    5.72 v _20016_/Y (sky130_fd_sc_hd__o21ai_1)
     1    0.00                           _15046_ (net)
                  0.08    0.00    5.72 v _20017_/B1 (sky130_fd_sc_hd__o21ai_1)
                  0.29    0.19    5.91 ^ _20017_/Y (sky130_fd_sc_hd__o21ai_1)
     2    0.01                           _15047_ (net)
                  0.29    0.00    5.91 ^ _20023_/A1 (sky130_fd_sc_hd__a21o_1)
                  0.12    0.33    6.24 ^ _20023_/X (sky130_fd_sc_hd__a21o_1)
     2    0.01                           _15051_ (net)
                  0.12    0.00    6.24 ^ _20032_/A1 (sky130_fd_sc_hd__a21o_1)
                  0.12    0.26    6.50 ^ _20032_/X (sky130_fd_sc_hd__a21o_1)
     2    0.01                           _15058_ (net)
                  0.12    0.00    6.50 ^ _20038_/A1 (sky130_fd_sc_hd__a21o_1)
                  0.12    0.26    6.77 ^ _20038_/X (sky130_fd_sc_hd__a21o_1)
     2    0.01                           _15062_ (net)
                  0.12    0.00    6.77 ^ _20042_/A (sky130_fd_sc_hd__nand2_1)
                  0.12    0.15    6.92 v _20042_/Y (sky130_fd_sc_hd__nand2_1)
     2    0.01                           _15064_ (net)
                  0.12    0.00    6.92 v _20045_/A1 (sky130_fd_sc_hd__a21boi_2)
                  0.17    0.23    7.15 ^ _20045_/Y (sky130_fd_sc_hd__a21boi_2)
     2    0.01                           _15067_ (net)
                  0.17    0.00    7.15 ^ _20051_/B1 (sky130_fd_sc_hd__a21o_1)
                  0.12    0.22    7.37 ^ _20051_/X (sky130_fd_sc_hd__a21o_1)
     2    0.01                           _15071_ (net)
                  0.12    0.00    7.37 ^ _20057_/A1 (sky130_fd_sc_hd__a21o_1)
                  0.12    0.26    7.63 ^ _20057_/X (sky130_fd_sc_hd__a21o_1)
     2    0.01                           _15075_ (net)
                  0.12    0.00    7.63 ^ _20062_/A (sky130_fd_sc_hd__nand2_1)
                  0.10    0.13    7.76 v _20062_/Y (sky130_fd_sc_hd__nand2_1)
     1    0.00                           _15078_ (net)
                  0.10    0.00    7.76 v _20063_/B1 (sky130_fd_sc_hd__o21ai_2)
                  0.19    0.11    7.88 ^ _20063_/Y (sky130_fd_sc_hd__o21ai_2)
     2    0.01                           _15079_ (net)
                  0.19    0.00    7.88 ^ _20068_/A (sky130_fd_sc_hd__and2_1)
                  0.08    0.26    8.14 ^ _20068_/X (sky130_fd_sc_hd__and2_1)
     1    0.00                           _15082_ (net)
                  0.08    0.00    8.14 ^ _20069_/B1 (sky130_fd_sc_hd__a21o_1)
                  0.12    0.18    8.32 ^ _20069_/X (sky130_fd_sc_hd__a21o_1)
     2    0.01                           _15083_ (net)
                  0.12    0.00    8.32 ^ _20075_/A1 (sky130_fd_sc_hd__a21o_1)
                  0.12    0.26    8.59 ^ _20075_/X (sky130_fd_sc_hd__a21o_1)
     2    0.01                           _15087_ (net)
                  0.12    0.00    8.59 ^ _20083_/A1 (sky130_fd_sc_hd__a21o_1)
                  0.12    0.26    8.85 ^ _20083_/X (sky130_fd_sc_hd__a21o_1)
     2    0.01                           _15093_ (net)
                  0.12    0.00    8.85 ^ _20089_/A1 (sky130_fd_sc_hd__a21o_1)
                  0.15    0.28    9.13 ^ _20089_/X (sky130_fd_sc_hd__a21o_1)
     2    0.01                           _15097_ (net)
                  0.15    0.00    9.13 ^ _20095_/A1 (sky130_fd_sc_hd__a21oi_2)
                  0.10    0.14    9.28 v _20095_/Y (sky130_fd_sc_hd__a21oi_2)
     2    0.01                           _15101_ (net)
                  0.10    0.00    9.28 v _20100_/B1 (sky130_fd_sc_hd__a21o_1)
                  0.08    0.30    9.58 v _20100_/X (sky130_fd_sc_hd__a21o_1)
     1    0.00                           _15104_ (net)
                  0.08    0.00    9.58 v _20101_/B1 (sky130_fd_sc_hd__o21ai_2)
                  0.29    0.14    9.71 ^ _20101_/Y (sky130_fd_sc_hd__o21ai_2)
     4    0.01                           _15105_ (net)
                  0.29    0.00    9.71 ^ _20124_/A (sky130_fd_sc_hd__nand3_1)
                  0.11    0.19    9.90 v _20124_/Y (sky130_fd_sc_hd__nand3_1)
     1    0.00                           _15120_ (net)
                  0.11    0.00    9.90 v _20125_/A_N (sky130_fd_sc_hd__nand3b_1)
                  0.17    0.37   10.27 v _20125_/Y (sky130_fd_sc_hd__nand3b_1)
     1    0.00                           _15121_ (net)
                  0.17    0.00   10.27 v _20127_/A (sky130_fd_sc_hd__nand2_2)
                  0.13    0.17   10.45 ^ _20127_/Y (sky130_fd_sc_hd__nand2_2)
     3    0.01                           _15123_ (net)
                  0.13    0.00   10.45 ^ _20139_/A (sky130_fd_sc_hd__nand3_2)
                  0.16    0.18   10.62 v _20139_/Y (sky130_fd_sc_hd__nand3_2)
     2    0.01                           _15131_ (net)
                  0.16    0.00   10.62 v _20153_/A2 (sky130_fd_sc_hd__o21bai_2)
                  0.25    0.28   10.90 ^ _20153_/Y (sky130_fd_sc_hd__o21bai_2)
     3    0.01                           _15141_ (net)
                  0.25    0.00   10.90 ^ _20157_/A (sky130_fd_sc_hd__nand2_1)
                  0.10    0.18   11.08 v _20157_/Y (sky130_fd_sc_hd__nand2_1)
     2    0.00                           _15143_ (net)
                  0.10    0.00   11.08 v _20161_/A1 (sky130_fd_sc_hd__a21oi_1)
                  0.16    0.21   11.29 ^ _20161_/Y (sky130_fd_sc_hd__a21oi_1)
     1    0.00                           _15147_ (net)
                  0.16    0.00   11.29 ^ _20163_/A (sky130_fd_sc_hd__nor2_1)
                  0.05    0.11   11.40 v _20163_/Y (sky130_fd_sc_hd__nor2_1)
     1    0.00                           _01676_ (net)
                  0.05    0.00   11.40 v _30338_/A1 (sky130_fd_sc_hd__mux2_1)
                  0.10    0.62   12.01 v _30338_/X (sky130_fd_sc_hd__mux2_1)
     1    0.00                           _01677_ (net)
                  0.10    0.00   12.01 v _30792_/A1 (sky130_fd_sc_hd__mux4_1)
                  0.14    1.10   13.11 v _30792_/X (sky130_fd_sc_hd__mux4_1)
     1    0.00                           _01678_ (net)
                  0.14    0.00   13.11 v _30339_/A0 (sky130_fd_sc_hd__mux2_1)
                  0.10    0.63   13.75 v _30339_/X (sky130_fd_sc_hd__mux2_1)
     1    0.00                           _02529_ (net)
                  0.10    0.00   13.75 v _15894_/A (sky130_fd_sc_hd__or2b_1)
                  0.09    0.48   14.23 v _15894_/X (sky130_fd_sc_hd__or2b_1)
     1    0.00                           _13098_ (net)
                  0.09    0.00   14.23 v _15895_/C1 (sky130_fd_sc_hd__o211a_1)
                  0.06    0.19   14.42 v _15895_/X (sky130_fd_sc_hd__o211a_1)
     1    0.00                           _03989_ (net)
                  0.06    0.00   14.42 v _32349_/D (sky130_fd_sc_hd__dfxtp_2)
                                 14.42   data arrival time

                  0.00   24.73   24.73   clock clk (rise edge)
                          0.00   24.73   clock network delay (ideal)
                          0.00   24.73   clock reconvergence pessimism
                                 24.73 ^ _32349_/CLK (sky130_fd_sc_hd__dfxtp_2)
                         -0.29   24.44   library setup time
                                 24.44   data required time
-----------------------------------------------------------------------------
                                 24.44   data required time
                                -14.42   data arrival time
-----------------------------------------------------------------------------
                                 10.02   slack (MET)


